// Jest Snapshot v1, https://goo.gl/fbAQLP

exports[`<Designs /> should match the snapshot 1`] = `
.c1 {
  -webkit-animation: fvtopB 1s linear infinite;
  animation: fvtopB 1s linear infinite;
  -webkit-transform: translateZ(0);
  -ms-transform: translateZ(0);
  transform: translateZ(0);
  border-top: 2px solid grey;
  border-right: 2px solid grey;
  border-bottom: 2px solid grey;
  border-left: 4px solid black;
  background: transparent;
  width: 24px;
  height: 24px;
  border-radius: 50%;
}

.c0 {
  min-height: 80vh;
  display: -webkit-box;
  display: -webkit-flex;
  display: -ms-flexbox;
  display: flex;
  -webkit-box-pack: center;
  -webkit-justify-content: center;
  -ms-flex-pack: center;
  justify-content: center;
  -webkit-flex-wrap: wrap;
  -ms-flex-wrap: wrap;
  flex-wrap: wrap;
}

<div
  class="c0"
>
  <div
    class="c1"
  />
</div>
`;
